// Jest Snapshot v1, https://goo.gl/fbAQLP

exports[`ApplicationsStack Construct(ApplicationsStack):  Snapshot Test 1`] = `
{
  "Parameters": {
    "SsmParameterValueacceleratorkmscloudwatchkeyarnC96584B6F00A464EAD1953AFF4B05118Parameter": {
      "Default": "/accelerator/kms/cloudwatch/key-arn",
      "Type": "AWS::SSM::Parameter::Value<String>",
    },
  },
  "Resources": {
    "CustomOrganizationsDescribeOrganizationCustomResourceProviderHandler4C6F49D1": {
      "DependsOn": [
        "CustomOrganizationsDescribeOrganizationCustomResourceProviderRole775854D5",
      ],
      "Properties": {
        "Code": {
          "S3Bucket": "cdk-hnb659fds-assets-444444444444-us-east-1",
          "S3Key": "REPLACED-GENERATED-NAME.zip",
        },
        "Handler": "__entrypoint__.handler",
        "MemorySize": 128,
        "Role": {
          "Fn::GetAtt": [
            "CustomOrganizationsDescribeOrganizationCustomResourceProviderRole775854D5",
            "Arn",
          ],
        },
        "Runtime": "nodejs16.x",
        "Timeout": 900,
      },
      "Type": "AWS::Lambda::Function",
    },
    "CustomOrganizationsDescribeOrganizationCustomResourceProviderRole775854D5": {
      "Properties": {
        "AssumeRolePolicyDocument": {
          "Statement": [
            {
              "Action": "sts:AssumeRole",
              "Effect": "Allow",
              "Principal": {
                "Service": "lambda.amazonaws.com",
              },
            },
          ],
          "Version": "2012-10-17",
        },
        "ManagedPolicyArns": [
          {
            "Fn::Sub": "arn:\${AWS::Partition}:iam::aws:policy/service-role/AWSLambdaBasicExecutionRole",
          },
        ],
        "Policies": [
          {
            "PolicyDocument": {
              "Statement": [
                {
                  "Action": [
                    "organizations:DescribeOrganization",
                  ],
                  "Effect": "Allow",
                  "Resource": "*",
                },
              ],
              "Version": "2012-10-17",
            },
            "PolicyName": "Inline",
          },
        ],
      },
      "Type": "AWS::IAM::Role",
    },
    "CustomPortfolioAssociationsRoleArnProviderCustomPortfolioAssociationsRoleArnProviderProviderLambda303083B3": {
      "DependsOn": [
        "CustomPortfolioAssociationsRoleArnProviderCustomPortfolioAssociationsRoleArnProviderProviderLambdaServiceRoleDefaultPolicy5A2D45EB",
        "CustomPortfolioAssociationsRoleArnProviderCustomPortfolioAssociationsRoleArnProviderProviderLambdaServiceRoleB97F1DC3",
      ],
      "Properties": {
        "Code": {
          "S3Bucket": "cdk-hnb659fds-assets-444444444444-us-east-1",
          "S3Key": "REPLACED-GENERATED-NAME.zip",
        },
        "Handler": "index.handler",
        "Role": {
          "Fn::GetAtt": [
            "CustomPortfolioAssociationsRoleArnProviderCustomPortfolioAssociationsRoleArnProviderProviderLambdaServiceRoleB97F1DC3",
            "Arn",
          ],
        },
        "Runtime": "nodejs16.x",
        "Timeout": 60,
      },
      "Type": "AWS::Lambda::Function",
    },
    "CustomPortfolioAssociationsRoleArnProviderCustomPortfolioAssociationsRoleArnProviderProviderLambdaServiceRoleB97F1DC3": {
      "Metadata": {
        "cdk_nag": {
          "rules_to_suppress": [
            {
              "id": "AwsSolutions-IAM4",
              "reason": "AWS Custom resource provider framework-role created by cdk.",
            },
          ],
        },
      },
      "Properties": {
        "AssumeRolePolicyDocument": {
          "Statement": [
            {
              "Action": "sts:AssumeRole",
              "Effect": "Allow",
              "Principal": {
                "Service": "lambda.amazonaws.com",
              },
            },
          ],
          "Version": "2012-10-17",
        },
        "ManagedPolicyArns": [
          {
            "Fn::Join": [
              "",
              [
                "arn:",
                {
                  "Ref": "AWS::Partition",
                },
                ":iam::aws:policy/service-role/AWSLambdaBasicExecutionRole",
              ],
            ],
          },
        ],
      },
      "Type": "AWS::IAM::Role",
    },
    "CustomPortfolioAssociationsRoleArnProviderCustomPortfolioAssociationsRoleArnProviderProviderLambdaServiceRoleDefaultPolicy5A2D45EB": {
      "Metadata": {
        "cdk_nag": {
          "rules_to_suppress": [
            {
              "id": "AwsSolutions-IAM5",
              "reason": "Allows only specific policy.",
            },
          ],
        },
      },
      "Properties": {
        "PolicyDocument": {
          "Statement": [
            {
              "Action": "iam:ListRoles",
              "Effect": "Allow",
              "Resource": "*",
            },
          ],
          "Version": "2012-10-17",
        },
        "PolicyName": "stomPortfolioAssociationsRoleArnProviderCustomPortfolioAssociationsRoleArnProviderProviderLambdaServiceRoleDefaultPolicy5A2D45EB",
        "Roles": [
          {
            "Ref": "CustomPortfolioAssociationsRoleArnProviderCustomPortfolioAssociationsRoleArnProviderProviderLambdaServiceRoleB97F1DC3",
          },
        ],
      },
      "Type": "AWS::IAM::Policy",
    },
    "CustomPortfolioAssociationsRoleArnProviderframeworkonEventF202C45D": {
      "DependsOn": [
        "CustomPortfolioAssociationsRoleArnProviderframeworkonEventServiceRoleDefaultPolicyCFA4199F",
        "CustomPortfolioAssociationsRoleArnProviderframeworkonEventServiceRoleBEFB90CD",
      ],
      "Properties": {
        "Code": {
          "S3Bucket": "cdk-hnb659fds-assets-444444444444-us-east-1",
          "S3Key": "REPLACED-GENERATED-NAME.zip",
        },
        "Description": "AWS CDK resource provider framework - onEvent (AWSAccelerator-CustomizationsStack-444444444444-us-east-1/Custom::PortfolioAssociationsRoleArnProvider/Resource)",
        "Environment": {
          "Variables": {
            "USER_ON_EVENT_FUNCTION_ARN": {
              "Fn::GetAtt": [
                "CustomPortfolioAssociationsRoleArnProviderCustomPortfolioAssociationsRoleArnProviderProviderLambda303083B3",
                "Arn",
              ],
            },
          },
        },
        "Handler": "framework.onEvent",
        "Role": {
          "Fn::GetAtt": [
            "CustomPortfolioAssociationsRoleArnProviderframeworkonEventServiceRoleBEFB90CD",
            "Arn",
          ],
        },
        "Runtime": "nodejs14.x",
        "Timeout": 900,
      },
      "Type": "AWS::Lambda::Function",
    },
    "CustomPortfolioAssociationsRoleArnProviderframeworkonEventServiceRoleBEFB90CD": {
      "Metadata": {
        "cdk_nag": {
          "rules_to_suppress": [
            {
              "id": "AwsSolutions-IAM4",
              "reason": "AWS Custom resource provider framework-role created by cdk.",
            },
          ],
        },
      },
      "Properties": {
        "AssumeRolePolicyDocument": {
          "Statement": [
            {
              "Action": "sts:AssumeRole",
              "Effect": "Allow",
              "Principal": {
                "Service": "lambda.amazonaws.com",
              },
            },
          ],
          "Version": "2012-10-17",
        },
        "ManagedPolicyArns": [
          {
            "Fn::Join": [
              "",
              [
                "arn:",
                {
                  "Ref": "AWS::Partition",
                },
                ":iam::aws:policy/service-role/AWSLambdaBasicExecutionRole",
              ],
            ],
          },
        ],
      },
      "Type": "AWS::IAM::Role",
    },
    "CustomPortfolioAssociationsRoleArnProviderframeworkonEventServiceRoleDefaultPolicyCFA4199F": {
      "Metadata": {
        "cdk_nag": {
          "rules_to_suppress": [
            {
              "id": "AwsSolutions-IAM5",
              "reason": "Allows only specific policy.",
            },
          ],
        },
      },
      "Properties": {
        "PolicyDocument": {
          "Statement": [
            {
              "Action": "lambda:InvokeFunction",
              "Effect": "Allow",
              "Resource": [
                {
                  "Fn::GetAtt": [
                    "CustomPortfolioAssociationsRoleArnProviderCustomPortfolioAssociationsRoleArnProviderProviderLambda303083B3",
                    "Arn",
                  ],
                },
                {
                  "Fn::Join": [
                    "",
                    [
                      {
                        "Fn::GetAtt": [
                          "CustomPortfolioAssociationsRoleArnProviderCustomPortfolioAssociationsRoleArnProviderProviderLambda303083B3",
                          "Arn",
                        ],
                      },
                      ":*",
                    ],
                  ],
                },
              ],
            },
          ],
          "Version": "2012-10-17",
        },
        "PolicyName": "CustomPortfolioAssociationsRoleArnProviderframeworkonEventServiceRoleDefaultPolicyCFA4199F",
        "Roles": [
          {
            "Ref": "CustomPortfolioAssociationsRoleArnProviderframeworkonEventServiceRoleBEFB90CD",
          },
        ],
      },
      "Type": "AWS::IAM::Policy",
    },
    "Organization29A5FC3F": {
      "DeletionPolicy": "Delete",
      "Properties": {
        "ServiceToken": {
          "Fn::GetAtt": [
            "CustomOrganizationsDescribeOrganizationCustomResourceProviderHandler4C6F49D1",
            "Arn",
          ],
        },
        "partition": {
          "Ref": "AWS::Partition",
        },
      },
      "Type": "Custom::DescribeOrganization",
      "UpdateReplacePolicy": "Delete",
    },
    "SsmParamAcceleratorVersionFF83282D": {
      "Properties": {
        "Name": "/accelerator/AWSAccelerator-CustomizationsStack-444444444444-us-east-1/version",
        "Type": "String",
        "Value": "1.4.0",
      },
      "Type": "AWS::SSM::Parameter",
    },
    "SsmParamStackId521A78D3": {
      "Properties": {
        "Name": "/accelerator/AWSAccelerator-CustomizationsStack-444444444444-us-east-1/stack-id",
        "Type": "String",
        "Value": {
          "Ref": "AWS::StackId",
        },
      },
      "Type": "AWS::SSM::Parameter",
    },
  },
}
`;
